.next/dev/types/routes.d.ts(104,28): error TS1005: ';' expected.
.next/dev/types/routes.d.ts(105,29): error TS1005: ';' expected.
.next/dev/types/routes.d.ts(106,29): error TS1005: ';' expected.
.next/dev/types/routes.d.ts(107,24): error TS1005: ';' expected.
.next/dev/types/routes.d.ts(108,21): error TS1005: ';' expected.
.next/dev/types/routes.d.ts(109,29): error TS1005: ';' expected.
.next/dev/types/routes.d.ts(110,43): error TS1005: ';' expected.
.next/dev/types/routes.d.ts(111,44): error TS1005: ';' expected.
.next/dev/types/routes.d.ts(112,30): error TS1005: ';' expected.
.next/dev/types/routes.d.ts(113,35): error TS1005: ';' expected.
.next/dev/types/routes.d.ts(113,43): error TS1005: ';' expected.
.next/dev/types/routes.d.ts(114,37): error TS1005: ';' expected.
.next/dev/types/routes.d.ts(115,35): error TS1005: ';' expected.
.next/dev/types/routes.d.ts(116,34): error TS1005: ';' expected.
.next/dev/types/routes.d.ts(117,41): error TS1005: ';' expected.
.next/dev/types/routes.d.ts(118,39): error TS1005: ';' expected.
.next/dev/types/routes.d.ts(119,21): error TS1005: ';' expected.
.next/dev/types/routes.d.ts(120,30): error TS1005: ';' expected.
.next/dev/types/routes.d.ts(120,42): error TS1005: ';' expected.
.next/dev/types/routes.d.ts(121,39): error TS1005: ';' expected.
.next/dev/types/routes.d.ts(121,51): error TS1005: ';' expected.
.next/dev/types/routes.d.ts(122,31): error TS1005: ';' expected.
.next/dev/types/routes.d.ts(123,21): error TS1005: ';' expected.
.next/dev/types/routes.d.ts(124,17): error TS1005: ';' expected.
.next/dev/types/routes.d.ts(125,28): error TS1005: ';' expected.
.next/dev/types/routes.d.ts(126,25): error TS1005: ';' expected.
.next/dev/types/routes.d.ts(127,16): error TS1005: ';' expected.
.next/dev/types/routes.d.ts(128,21): error TS1005: ';' expected.
.next/dev/types/routes.d.ts(129,23): error TS1005: ';' expected.
.next/dev/types/routes.d.ts(130,47): error TS1005: ';' expected.
.next/dev/types/routes.d.ts(130,67): error TS1005: ';' expected.
.next/dev/types/routes.d.ts(131,47): error TS1005: ';' expected.
.next/dev/types/routes.d.ts(131,67): error TS1005: ';' expected.
.next/dev/types/routes.d.ts(132,31): error TS1005: ';' expected.
.next/dev/types/routes.d.ts(133,37): error TS1005: ';' expected.
.next/dev/types/routes.d.ts(133,49): error TS1005: ';' expected.
.next/dev/types/routes.d.ts(134,40): error TS1005: ';' expected.
.next/dev/types/routes.d.ts(135,41): error TS1005: ';' expected.
.next/dev/types/routes.d.ts(136,41): error TS1005: ';' expected.
.next/dev/types/routes.d.ts(137,16): error TS1005: ';' expected.
.next/dev/types/routes.d.ts(138,16): error TS1005: ';' expected.
.next/dev/types/routes.d.ts(139,20): error TS1005: ';' expected.
.next/dev/types/routes.d.ts(140,31): error TS1005: ';' expected.
.next/dev/types/routes.d.ts(141,25): error TS1005: ';' expected.
.next/dev/types/routes.d.ts(142,17): error TS1005: ';' expected.
.next/dev/types/routes.d.ts(143,28): error TS1005: ';' expected.
.next/dev/types/routes.d.ts(143,42): error TS1005: ';' expected.
.next/dev/types/routes.d.ts(144,39): error TS1005: ';' expected.
.next/dev/types/routes.d.ts(145,30): error TS1005: ';' expected.
.next/dev/types/routes.d.ts(146,37): error TS1005: ';' expected.
.next/dev/types/routes.d.ts(147,39): error TS1005: ';' expected.
.next/dev/types/routes.d.ts(148,31): error TS1005: ';' expected.
.next/dev/types/routes.d.ts(149,29): error TS1005: ';' expected.
.next/dev/types/routes.d.ts(150,38): error TS1005: ';' expected.
.next/dev/types/routes.d.ts(151,39): error TS1005: ';' expected.
.next/dev/types/routes.d.ts(152,40): error TS1005: ';' expected.
.next/dev/types/routes.d.ts(153,31): error TS1005: ';' expected.
.next/dev/types/routes.d.ts(154,29): error TS1005: ';' expected.
.next/dev/types/routes.d.ts(155,28): error TS1005: ';' expected.
.next/dev/types/routes.d.ts(156,16): error TS1005: ';' expected.
.next/dev/types/routes.d.ts(157,37): error TS1005: ';' expected.
.next/dev/types/routes.d.ts(158,34): error TS1005: ';' expected.
.next/dev/types/routes.d.ts(159,46): error TS1005: ';' expected.
.next/dev/types/routes.d.ts(159,61): error TS1005: ';' expected.
.next/dev/types/routes.d.ts(160,54): error TS1005: ';' expected.
.next/dev/types/routes.d.ts(160,69): error TS1005: ';' expected.
.next/dev/types/routes.d.ts(161,21): error TS1005: ';' expected.
.next/dev/types/routes.d.ts(161,29): error TS1005: ';' expected.
.next/dev/types/routes.d.ts(162,22): error TS1005: ';' expected.
.next/dev/types/routes.d.ts(163,22): error TS1005: ';' expected.
.next/dev/types/routes.d.ts(164,16): error TS1005: ';' expected.
.next/dev/types/routes.d.ts(165,23): error TS1005: ';' expected.
.next/dev/types/routes.d.ts(166,22): error TS1005: ';' expected.
.next/dev/types/routes.d.ts(167,24): error TS1005: ';' expected.
.next/dev/types/routes.d.ts(168,23): error TS1005: ';' expected.
.next/dev/types/routes.d.ts(169,10): error TS1005: ';' expected.
.next/dev/types/routes.d.ts(170,17): error TS1005: ';' expected.
.next/dev/types/routes.d.ts(171,24): error TS1005: ';' expected.
.next/dev/types/routes.d.ts(172,17): error TS1005: ';' expected.
.next/dev/types/routes.d.ts(173,16): error TS1005: ';' expected.
.next/dev/types/routes.d.ts(174,10): error TS1005: ';' expected.
.next/dev/types/routes.d.ts(175,24): error TS1005: ';' expected.
.next/dev/types/routes.d.ts(175,36): error TS1005: ';' expected.
.next/dev/types/routes.d.ts(176,15): error TS1005: ';' expected.
.next/dev/types/routes.d.ts(177,10): error TS1005: ';' expected.
.next/dev/types/routes.d.ts(178,16): error TS1005: ';' expected.
.next/dev/types/routes.d.ts(179,13): error TS1005: ';' expected.
.next/dev/types/routes.d.ts(180,13): error TS1005: ';' expected.
.next/dev/types/routes.d.ts(181,17): error TS1005: ';' expected.
.next/dev/types/routes.d.ts(182,16): error TS1005: ';' expected.
.next/dev/types/routes.d.ts(183,25): error TS1005: ';' expected.
.next/dev/types/routes.d.ts(184,22): error TS1005: ';' expected.
.next/dev/types/routes.d.ts(185,18): error TS1005: ';' expected.
.next/dev/types/routes.d.ts(186,1): error TS1128: Declaration or statement expected.
